Flutter crash report.
Please report a bug at https://github.com/flutter/flutter/issues.

## command

flutter run -d chrome --web-port=8080

## exception

ShaderCompilerException: ShaderCompilerException: Shader compilation of "C:\Flutter\flutter\packages\flutter\lib\src\material\shaders\ink_sparkle.frag" to "build\flutter_assets\shaders/ink_sparkle.frag" failed with exit code 1.
impellerc stdout:

impellerc stderr:
Failed to set access on file '"build\\flutter_assets\\shaders/ink_sparkle.frag"': The system cannot find the path specified.




```
#0      ShaderCompiler.compileShader (package:flutter_tools/src/build_system/tools/shader_compiler.dart:196:9)
<asynchronous suspension>
#1      writeBundle.<anonymous closure> (package:flutter_tools/src/bundle_builder.dart:214:25)
<asynchronous suspension>
#2      Future.wait.<anonymous closure> (dart:async/future.dart:525:21)
<asynchronous suspension>
#3      writeBundle (package:flutter_tools/src/bundle_builder.dart:177:3)
<asynchronous suspension>
#4      WebDevFS.update (package:flutter_tools/src/isolated/devfs_web.dart:348:9)
<asynchronous suspension>
#5      ResidentWebRunner._updateDevFS (package:flutter_tools/src/isolated/resident_web_runner.dart:762:35)
<asynchronous suspension>
#6      ResidentWebRunner.run.<anonymous closure> (package:flutter_tools/src/isolated/resident_web_runner.dart:360:41)
<asynchronous suspension>
#7      asyncGuard.<anonymous closure> (package:flutter_tools/src/base/async_guard.dart:108:24)
<asynchronous suspension>
```

## flutter doctor

```
[32m[✓][39m Flutter (Channel stable, 3.35.7, on Microsoft Windows [Version
    10.0.26200.7171], locale en-US) [347ms]
    [32m•[39m Flutter version 3.35.7 on channel stable at C:\Flutter\flutter
    [32m•[39m Upstream repository https://github.com/flutter/flutter.git
    [32m•[39m Framework revision adc9010625 (7 weeks ago), 2025-10-21 14:16:03 -0400
    [32m•[39m Engine revision 035316565a
    [32m•[39m Dart version 3.9.2
    [32m•[39m DevTools version 2.48.0
    [32m•[39m Feature flags: enable-web, enable-linux-desktop, enable-macos-desktop,
      enable-windows-desktop, enable-android, enable-ios, cli-animations,
      enable-lldb-debugging

[32m[✓][39m Windows Version (11 Pro 64-bit, 25H2, 2009) [2.5s]

[33m[!][39m Android toolchain - develop for Android devices (Android SDK version
    36.1.0) [775ms]
    [32m•[39m Android SDK at C:\Users\Asif Computers\AppData\Local\Android\sdk
    [32m•[39m Emulator version 36.2.12.0 (build_id 14214601) (CL:N/A)
    [32m•[39m Platform android-36, build-tools 36.1.0
    [31m✗[39m Android SDK location currently contains spaces, which is not supported
      by the Android SDK as it causes problems with NDK tools. Try moving it
      from C:\Users\Asif Computers\AppData\Local\Android\sdk to a path
      without spaces.
    [32m•[39m Try re-installing or updating your Android SDK,
      visit https://flutter.dev/to/windows-android-setup for detailed
      instructions.

[32m[✓][39m Chrome - develop for the web [19ms]
    [32m•[39m Chrome at C:\Program Files\Google\Chrome\Application\chrome.exe

[31m[✗][39m Visual Studio - develop Windows apps [17ms]
    [31m✗[39m Visual Studio not installed; this is necessary to develop Windows apps.
      Download at https://visualstudio.microsoft.com/downloads/.
      Please install the "Desktop development with C++" workload, including
      all of its default components

[32m[✓][39m Android Studio (version 2025.2.1) [13ms]
    [32m•[39m Android Studio at C:\Program Files\Android\Android Studio
    [32m•[39m Flutter plugin can be installed from:
      🔨 https://plugins.jetbrains.com/plugin/9212-flutter
    [32m•[39m Dart plugin can be installed from:
      🔨 https://plugins.jetbrains.com/plugin/6351-dart
    [32m•[39m Java version OpenJDK Runtime Environment (build
      21.0.8+-14196175-b1038.72)

[32m[✓][39m VS Code (version 1.106.3) [8ms]
    [32m•[39m VS Code at C:\Users\Asif Computers\AppData\Local\Programs\Microsoft VS
      Code
    [32m•[39m Flutter extension can be installed from:
      🔨
      https://marketplace.visualstudio.com/items?itemName=Dart-Code.flutter

[32m[✓][39m Connected device (3 available) [309ms]
    [32m•[39m Windows (desktop) • windows • windows-x64    • Microsoft Windows
      [Version 10.0.26200.7171]
    [32m•[39m Chrome (web)      • chrome  • web-javascript • Google Chrome
      142.0.7444.176
    [32m•[39m Edge (web)        • edge    • web-javascript • Microsoft Edge
      143.0.3650.66
    [33m![39m Device emulator-5554 is offline.

[32m[✓][39m Network resources [1,953ms]
    [32m•[39m All expected network resources are available.

[33m![39m Doctor found issues in 2 categories.
```
